../Drivers/Bsp/stm32f769i_discovery_lcd.c:262:9:BSP_LCD_Init	8	static
../Drivers/Bsp/stm32f769i_discovery_lcd.c:277:9:BSP_LCD_InitEx	72	static
../Drivers/Bsp/stm32f769i_discovery_lcd.c:710:6:BSP_LCD_Reset	32	static
../Drivers/Bsp/stm32f769i_discovery_lcd.c:740:10:BSP_LCD_GetXSize	4	static
../Drivers/Bsp/stm32f769i_discovery_lcd.c:749:10:BSP_LCD_GetYSize	4	static
../Drivers/Bsp/stm32f769i_discovery_lcd.c:759:6:BSP_LCD_SetXSize	16	static
../Drivers/Bsp/stm32f769i_discovery_lcd.c:768:6:BSP_LCD_SetYSize	16	static
../Drivers/Bsp/stm32f769i_discovery_lcd.c:780:6:BSP_LCD_LayerDefaultInit	72	static
../Drivers/Bsp/stm32f769i_discovery_lcd.c:813:6:BSP_LCD_SelectLayer	16	static
../Drivers/Bsp/stm32f769i_discovery_lcd.c:826:6:BSP_LCD_SetLayerVisible	16	static
../Drivers/Bsp/stm32f769i_discovery_lcd.c:846:6:BSP_LCD_SetTransparency	16	static
../Drivers/Bsp/stm32f769i_discovery_lcd.c:858:6:BSP_LCD_SetLayerAddress	16	static
../Drivers/Bsp/stm32f769i_discovery_lcd.c:873:6:BSP_LCD_SetLayerWindow	24	static
../Drivers/Bsp/stm32f769i_discovery_lcd.c:888:6:BSP_LCD_SetColorKeying	16	static
../Drivers/Bsp/stm32f769i_discovery_lcd.c:899:6:BSP_LCD_ResetColorKeying	16	static
../Drivers/Bsp/stm32f769i_discovery_lcd.c:909:6:BSP_LCD_SetTextColor	16	static
../Drivers/Bsp/stm32f769i_discovery_lcd.c:918:10:BSP_LCD_GetTextColor	4	static
../Drivers/Bsp/stm32f769i_discovery_lcd.c:927:6:BSP_LCD_SetBackColor	16	static
../Drivers/Bsp/stm32f769i_discovery_lcd.c:936:10:BSP_LCD_GetBackColor	4	static
../Drivers/Bsp/stm32f769i_discovery_lcd.c:945:6:BSP_LCD_SetFont	16	static
../Drivers/Bsp/stm32f769i_discovery_lcd.c:954:8:BSP_LCD_GetFont	4	static
../Drivers/Bsp/stm32f769i_discovery_lcd.c:965:10:BSP_LCD_ReadPixel	32	static
../Drivers/Bsp/stm32f769i_discovery_lcd.c:999:6:BSP_LCD_Clear	40	static
../Drivers/Bsp/stm32f769i_discovery_lcd.c:1009:6:BSP_LCD_ClearStringLine	32	static
../Drivers/Bsp/stm32f769i_discovery_lcd.c:1028:6:BSP_LCD_DisplayChar	24	static
../Drivers/Bsp/stm32f769i_discovery_lcd.c:1045:6:BSP_LCD_DisplayStringAt	48	static
../Drivers/Bsp/stm32f769i_discovery_lcd.c:1107:6:BSP_LCD_DisplayStringAtLine	16	static
../Drivers/Bsp/stm32f769i_discovery_lcd.c:1118:6:BSP_LCD_DrawHLine	40	static
../Drivers/Bsp/stm32f769i_discovery_lcd.c:1135:6:BSP_LCD_DrawVLine	48	static
../Drivers/Bsp/stm32f769i_discovery_lcd.c:1153:6:BSP_LCD_DrawLine	56	static
../Drivers/Bsp/stm32f769i_discovery_lcd.c:1227:6:BSP_LCD_DrawRect	24	static
../Drivers/Bsp/stm32f769i_discovery_lcd.c:1244:6:BSP_LCD_DrawCircle	40	static
../Drivers/Bsp/stm32f769i_discovery_lcd.c:1290:6:BSP_LCD_DrawPolygon	32	static
../Drivers/Bsp/stm32f769i_discovery_lcd.c:1317:6:BSP_LCD_DrawEllipse	64	static
../Drivers/Bsp/stm32f769i_discovery_lcd.c:1349:6:BSP_LCD_DrawBitmap	56	static
../Drivers/Bsp/stm32f769i_discovery_lcd.c:1406:6:BSP_LCD_FillRect	48	static
../Drivers/Bsp/stm32f769i_discovery_lcd.c:1426:6:BSP_LCD_FillCircle	32	static
../Drivers/Bsp/stm32f769i_discovery_lcd.c:1473:6:BSP_LCD_FillPolygon	64	static
../Drivers/Bsp/stm32f769i_discovery_lcd.c:1540:6:BSP_LCD_FillEllipse	56	static
../Drivers/Bsp/stm32f769i_discovery_lcd.c:1570:6:BSP_LCD_DisplayOn	16	static
../Drivers/Bsp/stm32f769i_discovery_lcd.c:1593:6:BSP_LCD_DisplayOff	16	static
../Drivers/Bsp/stm32f769i_discovery_lcd.c:1616:6:BSP_LCD_SetBrightness	24	static
../Drivers/Bsp/stm32f769i_discovery_lcd.c:1641:6:DSI_IO_WriteCmd	24	static
../Drivers/Bsp/stm32f769i_discovery_lcd.c:1661:9:DSI_IO_ReadCmd	48	static
../Drivers/Bsp/stm32f769i_discovery_lcd.c:1678:17:LCD_IO_GetID	4	static
../Drivers/Bsp/stm32f769i_discovery_lcd.c:1710:13:BSP_LCD_MspDeInit	8	static
../Drivers/Bsp/stm32f769i_discovery_lcd.c:1736:13:BSP_LCD_MspInit	24	static
../Drivers/Bsp/stm32f769i_discovery_lcd.c:1778:6:BSP_LCD_DrawPixel	24	static
../Drivers/Bsp/stm32f769i_discovery_lcd.c:1791:13:DrawChar	40	static
../Drivers/Bsp/stm32f769i_discovery_lcd.c:1849:13:FillTriangle	56	static
../Drivers/Bsp/stm32f769i_discovery_lcd.c:1926:13:LL_FillBuffer	32	static
../Drivers/Bsp/stm32f769i_discovery_lcd.c:1956:13:LL_ConvertLineToARGB8888	32	static
../Drivers/Bsp/stm32f769i_discovery_lcd.c:1989:21:Driver_Type	24	static
