../Drivers/Bsp/stm32f769i_discovery_lcd.c:264:9:BSP_LCD_Init	8	static
../Drivers/Bsp/stm32f769i_discovery_lcd.c:279:9:BSP_LCD_InitEx	72	static
../Drivers/Bsp/stm32f769i_discovery_lcd.c:712:6:BSP_LCD_Reset	32	static
../Drivers/Bsp/stm32f769i_discovery_lcd.c:742:10:BSP_LCD_GetXSize	4	static
../Drivers/Bsp/stm32f769i_discovery_lcd.c:751:10:BSP_LCD_GetYSize	4	static
../Drivers/Bsp/stm32f769i_discovery_lcd.c:761:6:BSP_LCD_SetXSize	16	static
../Drivers/Bsp/stm32f769i_discovery_lcd.c:770:6:BSP_LCD_SetYSize	16	static
../Drivers/Bsp/stm32f769i_discovery_lcd.c:782:6:BSP_LCD_LayerDefaultInit	72	static
../Drivers/Bsp/stm32f769i_discovery_lcd.c:815:6:BSP_LCD_SelectLayer	16	static
../Drivers/Bsp/stm32f769i_discovery_lcd.c:828:6:BSP_LCD_SetLayerVisible	16	static
../Drivers/Bsp/stm32f769i_discovery_lcd.c:848:6:BSP_LCD_SetTransparency	16	static
../Drivers/Bsp/stm32f769i_discovery_lcd.c:860:6:BSP_LCD_SetLayerAddress	16	static
../Drivers/Bsp/stm32f769i_discovery_lcd.c:875:6:BSP_LCD_SetLayerWindow	24	static
../Drivers/Bsp/stm32f769i_discovery_lcd.c:890:6:BSP_LCD_SetColorKeying	16	static
../Drivers/Bsp/stm32f769i_discovery_lcd.c:901:6:BSP_LCD_ResetColorKeying	16	static
../Drivers/Bsp/stm32f769i_discovery_lcd.c:911:6:BSP_LCD_SetTextColor	16	static
../Drivers/Bsp/stm32f769i_discovery_lcd.c:920:10:BSP_LCD_GetTextColor	4	static
../Drivers/Bsp/stm32f769i_discovery_lcd.c:929:6:BSP_LCD_SetBackColor	16	static
../Drivers/Bsp/stm32f769i_discovery_lcd.c:938:10:BSP_LCD_GetBackColor	4	static
../Drivers/Bsp/stm32f769i_discovery_lcd.c:947:6:BSP_LCD_SetFont	16	static
../Drivers/Bsp/stm32f769i_discovery_lcd.c:956:8:BSP_LCD_GetFont	4	static
../Drivers/Bsp/stm32f769i_discovery_lcd.c:967:10:BSP_LCD_ReadPixel	32	static
../Drivers/Bsp/stm32f769i_discovery_lcd.c:1001:6:BSP_LCD_Clear	40	static
../Drivers/Bsp/stm32f769i_discovery_lcd.c:1011:6:BSP_LCD_ClearStringLine	32	static
../Drivers/Bsp/stm32f769i_discovery_lcd.c:1030:6:BSP_LCD_DisplayChar	24	static
../Drivers/Bsp/stm32f769i_discovery_lcd.c:1047:6:BSP_LCD_DisplayStringAt	48	static
../Drivers/Bsp/stm32f769i_discovery_lcd.c:1109:6:BSP_LCD_DisplayStringAtLine	16	static
../Drivers/Bsp/stm32f769i_discovery_lcd.c:1120:6:BSP_LCD_DrawHLine	40	static
../Drivers/Bsp/stm32f769i_discovery_lcd.c:1137:6:BSP_LCD_DrawVLine	48	static
../Drivers/Bsp/stm32f769i_discovery_lcd.c:1155:6:BSP_LCD_DrawLine	56	static
../Drivers/Bsp/stm32f769i_discovery_lcd.c:1229:6:BSP_LCD_DrawRect	24	static
../Drivers/Bsp/stm32f769i_discovery_lcd.c:1246:6:BSP_LCD_DrawCircle	40	static
../Drivers/Bsp/stm32f769i_discovery_lcd.c:1292:6:BSP_LCD_DrawPolygon	32	static
../Drivers/Bsp/stm32f769i_discovery_lcd.c:1319:6:BSP_LCD_DrawEllipse	64	static
../Drivers/Bsp/stm32f769i_discovery_lcd.c:1351:6:BSP_LCD_DrawBitmap	56	static
../Drivers/Bsp/stm32f769i_discovery_lcd.c:1408:6:BSP_LCD_FillRect	48	static
../Drivers/Bsp/stm32f769i_discovery_lcd.c:1428:6:BSP_LCD_FillCircle	32	static
../Drivers/Bsp/stm32f769i_discovery_lcd.c:1475:6:BSP_LCD_FillPolygon	64	static
../Drivers/Bsp/stm32f769i_discovery_lcd.c:1542:6:BSP_LCD_FillEllipse	56	static
../Drivers/Bsp/stm32f769i_discovery_lcd.c:1572:6:BSP_LCD_DisplayOn	16	static
../Drivers/Bsp/stm32f769i_discovery_lcd.c:1595:6:BSP_LCD_DisplayOff	16	static
../Drivers/Bsp/stm32f769i_discovery_lcd.c:1618:6:BSP_LCD_SetBrightness	24	static
../Drivers/Bsp/stm32f769i_discovery_lcd.c:1643:6:DSI_IO_WriteCmd	24	static
../Drivers/Bsp/stm32f769i_discovery_lcd.c:1663:9:DSI_IO_ReadCmd	48	static
../Drivers/Bsp/stm32f769i_discovery_lcd.c:1680:17:LCD_IO_GetID	4	static
../Drivers/Bsp/stm32f769i_discovery_lcd.c:1712:13:BSP_LCD_MspDeInit	8	static
../Drivers/Bsp/stm32f769i_discovery_lcd.c:1738:13:BSP_LCD_MspInit	24	static
../Drivers/Bsp/stm32f769i_discovery_lcd.c:1780:6:BSP_LCD_DrawPixel	24	static
../Drivers/Bsp/stm32f769i_discovery_lcd.c:1793:13:DrawChar	40	static
../Drivers/Bsp/stm32f769i_discovery_lcd.c:1851:13:FillTriangle	56	static
../Drivers/Bsp/stm32f769i_discovery_lcd.c:1928:13:LL_FillBuffer	32	static
../Drivers/Bsp/stm32f769i_discovery_lcd.c:1958:13:LL_ConvertLineToARGB8888	32	static
../Drivers/Bsp/stm32f769i_discovery_lcd.c:1991:21:Driver_Type	24	static
