../Drivers/CMSIS/Include/core_cm7.h:2229:22:SCB_EnableICache	1
../Drivers/CMSIS/Include/core_cm7.h:2281:22:SCB_EnableDCache	3
../Core/Src/main.c:99:13:OnError_Handler	2
../Core/Src/main.c:113:5:main	3
../Core/Src/main.c:201:6:HAL_DSI_EndOfRefreshCallback	2
../Core/Src/main.c:228:16:LCD_Init	1
../Core/Src/main.c:348:6:LTDC_Init	1
../Core/Src/main.c:384:13:LCD_BriefDisplay	1
../Core/Src/main.c:406:13:CopyBuffer	4
../Core/Src/main.c:467:13:SystemClock_Config	4
../Core/Src/main.c:516:13:CPU_CACHE_Enable	1
../Core/Src/main.c:531:13:MPU_Config	1
../Core/Src/main.c:587:6:Error_Handler	1
