../Drivers/CMSIS/Include/core_cm7.h:2229:22:SCB_EnableICache	4	static,ignoring_inline_asm
../Drivers/CMSIS/Include/core_cm7.h:2281:22:SCB_EnableDCache	24	static,ignoring_inline_asm
../Core/Src/main.c:99:13:OnError_Handler	16	static
../Core/Src/main.c:113:5:main	24	static
../Core/Src/main.c:201:6:HAL_DSI_EndOfRefreshCallback	24	static
../Core/Src/main.c:228:16:LCD_Init	40	static
../Core/Src/main.c:348:6:LTDC_Init	8	static
../Core/Src/main.c:384:13:LCD_BriefDisplay	8	static
../Core/Src/main.c:406:13:CopyBuffer	40	static
../Core/Src/main.c:467:13:SystemClock_Config	88	static
../Core/Src/main.c:516:13:CPU_CACHE_Enable	8	static
../Core/Src/main.c:531:13:MPU_Config	24	static
../Core/Src/main.c:587:6:Error_Handler	4	static,ignoring_inline_asm
