../Core/Src/stm32f7xx_hal_msp.c:63:6:HAL_MspInit	16	static
../Core/Src/stm32f7xx_hal_msp.c:86:6:HAL_DMA2D_MspInit	24	static
../Core/Src/stm32f7xx_hal_msp.c:109:6:HAL_DMA2D_MspDeInit	16	static
../Core/Src/stm32f7xx_hal_msp.c:131:6:HAL_DSI_MspInit	48	static
../Core/Src/stm32f7xx_hal_msp.c:170:6:HAL_DSI_MspDeInit	16	static
../Core/Src/stm32f7xx_hal_msp.c:200:6:HAL_LTDC_MspInit	168	static
../Core/Src/stm32f7xx_hal_msp.c:242:6:HAL_LTDC_MspDeInit	16	static
../Core/Src/stm32f7xx_hal_msp.c:263:13:HAL_FMC_MspInit	32	static
../Core/Src/stm32f7xx_hal_msp.c:392:6:HAL_SDRAM_MspInit	16	static
../Core/Src/stm32f7xx_hal_msp.c:404:13:HAL_FMC_MspDeInit	8	static
../Core/Src/stm32f7xx_hal_msp.c:501:6:HAL_SDRAM_MspDeInit	16	static
